// Jest Snapshot v1, https://goo.gl/fbAQLP

exports[`airbank Valid input 1`] = `
Array [
  Object {
    "amount": 158,
    "date": "2018-12-16",
    "description": "DAMEJIDLO .CZ",
  },
  Object {
    "amount": -300,
    "date": "2018-12-16",
    "description": "Spořicí účet | Příchozí úhrada",
  },
  Object {
    "amount": 1450,
    "date": "2018-12-08",
    "description": "Spořicí účet | Odchozí úhrada",
  },
  Object {
    "amount": -198,
    "date": "2018-12-04",
    "description": "Joe Doe | Příchozí úhrada | Test message",
  },
  Object {
    "amount": 1407,
    "date": "2018-12-03",
    "description": "John Doe | Odchozí úhrada | Test message",
  },
  Object {
    "amount": -39.61,
    "date": "2018-12-01",
    "description": "Air Bank | Kreditní úrok",
  },
  Object {
    "amount": 5.94,
    "date": "2018-12-01",
    "description": "Air Bank | Daň z úroku",
  },
  Object {
    "amount": 376.97,
    "date": "2018-11-24",
    "description": "BILLA, spol. s r. o.",
  },
  Object {
    "amount": -200,
    "date": "2018-10-09",
    "description": "Air Bank | Odměny za placení | Připsání odměn",
  },
  Object {
    "amount": 160.25,
    "date": "2018-10-07",
    "description": "GITHUB.COM (7 USD)",
  },
]
`;
